<?xml version="1.0" encoding="UTF-8"?>
<testsuites name="jest tests" tests="1" failures="0" errors="0" time="0.173">
  <testsuite name="contractsController" errors="0" failures="0" skipped="0" timestamp="2023-02-19T13:40:50" time="0.146" tests="1">
    <testcase classname="contractsController should return contract by ID" name="contractsController should return contract by ID" time="0">
    </testcase>
  </testsuite>
</testsuites>